mode: set
cre/workflow/internal/offchain/defillama.go:93.136,97.16 4 1
cre/workflow/internal/offchain/defillama.go:97.16,99.3 1 1
cre/workflow/internal/offchain/defillama.go:100.2,100.60 1 1
cre/workflow/internal/offchain/defillama.go:100.60,102.3 1 1
cre/workflow/internal/offchain/defillama.go:104.2,112.16 3 1
cre/workflow/internal/offchain/defillama.go:112.16,114.3 1 1
cre/workflow/internal/offchain/defillama.go:116.2,117.27 2 0
cre/workflow/internal/offchain/defillama.go:120.57,122.17 2 1
cre/workflow/internal/offchain/defillama.go:122.17,125.3 2 1
cre/workflow/internal/offchain/defillama.go:126.2,126.20 1 1
cre/workflow/internal/offchain/defillama.go:126.20,129.3 2 1
cre/workflow/internal/offchain/defillama.go:130.2,130.22 1 1
cre/workflow/internal/offchain/defillama.go:134.115,136.2 1 1
cre/workflow/internal/offchain/defillama.go:138.104,150.16 3 1
cre/workflow/internal/offchain/defillama.go:150.16,152.3 1 1
cre/workflow/internal/offchain/defillama.go:153.2,153.17 1 1
cre/workflow/internal/offchain/defillama.go:153.17,155.3 1 1
cre/workflow/internal/offchain/defillama.go:157.2,157.28 1 1
cre/workflow/internal/offchain/defillama.go:157.28,159.3 1 1
cre/workflow/internal/offchain/defillama.go:161.2,162.16 2 1
cre/workflow/internal/offchain/defillama.go:162.16,164.3 1 1
cre/workflow/internal/offchain/defillama.go:166.2,166.106 1 1
cre/workflow/internal/offchain/defillama.go:169.74,172.16 3 1
cre/workflow/internal/offchain/defillama.go:172.16,174.3 1 1
cre/workflow/internal/offchain/defillama.go:175.2,175.30 1 1
cre/workflow/internal/offchain/defillama.go:175.30,177.3 1 1
cre/workflow/internal/offchain/defillama.go:178.2,178.18 1 1
cre/workflow/internal/offchain/defillama.go:182.114,186.16 3 1
cre/workflow/internal/offchain/defillama.go:186.16,188.3 1 1
cre/workflow/internal/offchain/defillama.go:189.2,189.54 1 1
cre/workflow/internal/offchain/defillama.go:189.54,191.3 1 1
cre/workflow/internal/offchain/defillama.go:193.2,194.21 2 1
cre/workflow/internal/offchain/defillama.go:194.21,196.17 2 1
cre/workflow/internal/offchain/defillama.go:196.17,198.4 1 1
cre/workflow/internal/offchain/defillama.go:199.3,200.10 2 1
cre/workflow/internal/offchain/defillama.go:200.10,202.4 1 0
cre/workflow/internal/offchain/defillama.go:204.3,204.38 1 1
cre/workflow/internal/offchain/defillama.go:204.38,205.49 1 1
cre/workflow/internal/offchain/defillama.go:205.49,207.5 1 1
cre/workflow/internal/offchain/defillama.go:208.4,208.12 1 1
cre/workflow/internal/offchain/defillama.go:211.3,212.8 2 1
cre/workflow/internal/offchain/defillama.go:215.2,215.16 1 1
cre/workflow/internal/offchain/defillama.go:215.16,217.3 1 1
cre/workflow/internal/offchain/defillama.go:219.2,220.16 2 1
cre/workflow/internal/offchain/defillama.go:220.16,222.3 1 1
cre/workflow/internal/offchain/defillama.go:223.2,223.54 1 1
cre/workflow/internal/offchain/defillama.go:223.54,225.3 1 1
cre/workflow/internal/offchain/defillama.go:227.2,233.21 6 1
cre/workflow/internal/offchain/defillama.go:233.21,237.46 2 1
cre/workflow/internal/offchain/defillama.go:237.46,239.4 1 1
cre/workflow/internal/offchain/defillama.go:240.3,241.50 2 1
cre/workflow/internal/offchain/defillama.go:241.50,242.12 1 1
cre/workflow/internal/offchain/defillama.go:244.3,244.20 1 1
cre/workflow/internal/offchain/defillama.go:244.20,245.12 1 1
cre/workflow/internal/offchain/defillama.go:248.3,252.53 5 1
cre/workflow/internal/offchain/defillama.go:252.53,253.12 1 1
cre/workflow/internal/offchain/defillama.go:255.3,255.29 1 1
cre/workflow/internal/offchain/defillama.go:255.29,256.12 1 1
cre/workflow/internal/offchain/defillama.go:259.3,265.5 1 1
cre/workflow/internal/offchain/defillama.go:268.2,271.25 3 1
cre/workflow/internal/offchain/defillama.go:271.25,274.3 2 1
cre/workflow/internal/offchain/defillama.go:275.2,275.34 1 1
cre/workflow/internal/offchain/defillama.go:275.34,276.90 1 1
cre/workflow/internal/offchain/defillama.go:276.90,279.9 3 1
cre/workflow/internal/offchain/defillama.go:283.2,283.20 1 1
cre/workflow/internal/offchain/defillama.go:286.37,288.2 1 1
cre/workflow/internal/offchain/defillama.go:290.30,291.46 1 1
cre/workflow/internal/offchain/defillama.go:291.46,294.28 3 1
cre/workflow/internal/offchain/defillama.go:294.28,296.4 1 1
cre/workflow/internal/offchain/defillama.go:297.3,297.32 1 1
cre/workflow/internal/offchain/defillama.go:297.32,299.4 1 1
cre/workflow/internal/offchain/defillama.go:300.3,300.36 1 1
cre/workflow/internal/offchain/defillama.go:300.36,302.4 1 1
cre/workflow/internal/offchain/defillama.go:303.3,303.34 1 1
cre/workflow/internal/offchain/defillama.go:303.34,305.4 1 1
cre/workflow/internal/offchain/defillama.go:306.3,306.32 1 1
cre/workflow/internal/offchain/defillama.go:310.49,312.2 1 1
cre/workflow/internal/offchain/defillama.go:314.65,315.33 1 1
cre/workflow/internal/offchain/defillama.go:315.33,317.3 1 1
cre/workflow/internal/offchain/defillama.go:319.2,320.16 2 1
cre/workflow/internal/offchain/defillama.go:320.16,322.3 1 1
cre/workflow/internal/offchain/defillama.go:324.2,325.9 2 1
cre/workflow/internal/offchain/defillama.go:325.9,327.3 1 1
cre/workflow/internal/offchain/defillama.go:329.2,329.15 1 1
cre/workflow/internal/offchain/defillama.go:330.11,331.22 1 1
cre/workflow/internal/offchain/defillama.go:331.22,332.45 1 1
cre/workflow/internal/offchain/defillama.go:332.45,334.5 1 1
cre/workflow/internal/offchain/defillama.go:335.4,335.63 1 1
cre/workflow/internal/offchain/defillama.go:335.63,337.5 1 1
cre/workflow/internal/offchain/defillama.go:339.3,340.13 2 1
cre/workflow/internal/offchain/defillama.go:341.11,342.22 1 1
cre/workflow/internal/offchain/defillama.go:342.22,343.63 1 1
cre/workflow/internal/offchain/defillama.go:343.63,345.5 1 1
cre/workflow/internal/offchain/defillama.go:347.3,348.13 2 1
cre/workflow/internal/offchain/defillama.go:349.10,350.13 1 1
cre/workflow/internal/offchain/defillama.go:355.48,360.2 4 1
cre/workflow/internal/offchain/defillama.go:363.68,364.50 1 1
cre/workflow/internal/offchain/defillama.go:364.50,365.70 1 1
cre/workflow/internal/offchain/defillama.go:365.70,367.4 1 1
cre/workflow/internal/offchain/defillama.go:369.2,369.73 1 1
cre/workflow/internal/offchain/defillama.go:372.56,374.35 2 1
cre/workflow/internal/offchain/defillama.go:374.35,375.37 1 1
cre/workflow/internal/offchain/defillama.go:375.37,376.12 1 1
cre/workflow/internal/offchain/defillama.go:378.3,378.57 1 1
cre/workflow/internal/offchain/defillama.go:380.2,380.15 1 1
cre/workflow/internal/offchain/defillama.go:383.50,385.35 2 1
cre/workflow/internal/offchain/defillama.go:385.35,386.37 1 1
cre/workflow/internal/offchain/defillama.go:386.37,387.12 1 1
cre/workflow/internal/offchain/defillama.go:389.3,389.87 1 1
cre/workflow/internal/offchain/defillama.go:391.2,391.15 1 1
cre/workflow/internal/offchain/defillama.go:394.55,396.31 2 1
cre/workflow/internal/offchain/defillama.go:396.31,398.3 1 1
cre/workflow/internal/offchain/defillama.go:399.2,399.15 1 1
cre/workflow/internal/offchain/defillama.go:402.51,404.2 1 1
